[
{"0":"hello","1":"32","2":"my","3":"15","4":"name","5":"13"},
{"0":"is","1":"49817","2":"albert","3":"12308","4":"21","5":"heink"}
]
